<?xml version="1.0" encoding="UTF-8"?>
<TestRun id="767d55fa-96e5-4b6a-9a14-6755219ee8cd" name="Formic@FORMIC-LAPPYTOP 2011-07-02 19:46:01" runUser="Formic-LappyTop\Formic" xmlns="http://microsoft.com/schemas/VisualStudio/TeamTest/2010">
  <TestSettings name="Local" id="43439a20-cdf6-451e-a056-371414001b66">
    <Description>These are default test settings for a local test run.</Description>
    <Deployment enabled="false" runDeploymentRoot="Formic_FORMIC-LAPPYTOP 2011-07-02 19_46_01">
      <DeploymentItem filename="C:\Users\Formic\Documents\Visual Studio 2010\Projects\MobileRPGServer\MobileRPGServer\bin\Debug\MobileRPGServer.exe" />
    </Deployment>
    <Execution>
      <TestTypeSpecific />
      <AgentRule name="Execution Agents">
      </AgentRule>
    </Execution>
  </TestSettings>
  <Times creation="2011-07-02T19:46:01.0934981-06:00" queuing="2011-07-02T19:46:02.3595705-06:00" start="2011-07-02T19:46:02.4545760-06:00" finish="2011-07-02T19:46:44.1459606-06:00" />
  <ResultSummary outcome="Aborted">
    <Counters total="1" executed="1" error="0" failed="0" timeout="0" aborted="1" inconclusive="0" passedButRunAborted="0" notRunnable="0" notExecuted="0" disconnected="0" warning="0" passed="0" completed="0" inProgress="0" pending="0" />
  </ResultSummary>
  <TestDefinitions>
    <UnitTest name="RunTest" storage="c:\users\formic\documents\visual studio 2010\projects\mobilerpgserver\mobilerpgservertest\bin\debug\mobilerpgservertest.dll" id="df9defcd-e7de-4d5d-7368-afaf5dbb5f85">
      <Execution id="23d58a42-59d7-42e3-8306-2dd1fa6a13b4" />
      <TestMethod codeBase="C:/Users/Formic/Documents/Visual Studio 2010/Projects/MobileRPGServer/MobileRPGServerTest/bin/Debug/MobileRPGServerTest.DLL" adapterTypeName="Microsoft.VisualStudio.TestTools.TestTypes.Unit.UnitTestAdapter, Microsoft.VisualStudio.QualityTools.Tips.UnitTest.Adapter, Version=10.0.0.0, Culture=neutral, PublicKeyToken=b03f5f7f11d50a3a" className="MobileRPGServerTest.ServerTest, MobileRPGServerTest, Version=1.0.0.0, Culture=neutral, PublicKeyToken=null" name="RunTest" />
    </UnitTest>
  </TestDefinitions>
  <TestLists>
    <TestList name="Results Not in a List" id="8c84fa94-04c1-424b-9868-57a2d4851a1d" />
    <TestList name="All Loaded Results" id="19431567-8539-422a-85d7-44ee4e166bda" />
  </TestLists>
  <TestEntries>
    <TestEntry testId="df9defcd-e7de-4d5d-7368-afaf5dbb5f85" executionId="23d58a42-59d7-42e3-8306-2dd1fa6a13b4" testListId="8c84fa94-04c1-424b-9868-57a2d4851a1d" />
  </TestEntries>
  <Results>
    <UnitTestResult executionId="23d58a42-59d7-42e3-8306-2dd1fa6a13b4" testId="df9defcd-e7de-4d5d-7368-afaf5dbb5f85" testName="RunTest" computerName="FORMIC-LAPPYTOP" duration="00:00:36.1500677" startTime="2011-07-02T19:46:02.5185796-06:00" endTime="2011-07-02T19:46:38.6686473-06:00" testType="13cdc9d9-ddb5-4fa4-a97d-d965ccfc6d4b" outcome="Aborted" testListId="8c84fa94-04c1-424b-9868-57a2d4851a1d" relativeResultsDirectory="23d58a42-59d7-42e3-8306-2dd1fa6a13b4">
      <Output>
        <StdOut>Mobile RPG Server Version 0.11 started. (Port: 2001)</StdOut>
        <ErrorInfo>
          <Message>User aborted test run.</Message>
        </ErrorInfo>
      </Output>
    </UnitTestResult>
  </Results>
</TestRun>